<html><head><meta http-equiv="Content-Type" content="text/html;charset=utf-8"/></head><body>
<p>Analyzed field: Bname</p><p>Count: 3</p><p>Unique values: 1</p><p>NULL (missing) values: 1</p><p>NOT NULL (filled) values: 3</p><p>Minimum value: Test</p><p>Maximum value: Test</p><p>Minimum length: 4</p><p>Maximum length: 4</p><p>Mean length: 4.000000</p><p>Minority: Test</p><p>Majority: Test</p></body></html>